// Jest Snapshot v1, https://goo.gl/fbAQLP

exports[`Spinner Should render correctly 1`] = `ShallowWrapper {}`;
