// Jest Snapshot v1, https://goo.gl/fbAQLP

exports[`ButtonIcon Should render correctly 1`] = `ShallowWrapper {}`;
