// Jest Snapshot v1, https://goo.gl/fbAQLP

exports[`Button Testing Unit... Should render correctly 1`] = `
<Styled(CustomizedPrimaryButton)
  disabled={false}
  id="__Button"
  onClick={[MockFunction]}
  variant="secondary"
>
  Testing Button
</Styled(CustomizedPrimaryButton)>
`;
