// Jest Snapshot v1, https://goo.gl/fbAQLP

exports[`ButtonAction Should render correctly 1`] = `ShallowWrapper {}`;
