// Jest Snapshot v1, https://goo.gl/fbAQLP

exports[`ButtonContextual Should render correctly 1`] = `ShallowWrapper {}`;
